// Jest Snapshot v1, https://goo.gl/fbAQLP

exports[`Snapshots <Notification /> renders correctly 1`] = `
<div
  className="mt-3 alert alert-warning"
  role="alert"
>
  Test
</div>
`;
